1048575
17710
2744
906
430
250
167
118
90
75
65
56
48
41
35
30
26
23
21
20
