898961330
951279874
262271567
14341526
1985602
466851
153365
63191
30623
16687
9987
6453
4354
3070
2290
1790
1427
1138
910
735
605
512
448
405
375
350
326
303
281
260
240
221
203
186
170
155
141
128
116
105
95
86
78
71
65
60
56
53
51
50
