8 27
###########################
#.........................#
#.S####.#####.####...###..#
#...#.....#...#...#.#...#.#
#...#.....#...####..#.....#
#...#.....#...#.....#...G.#
#...#.....#...#......###..#
###########################
