Alice
Alice
Alice
Bob
Bob
Alice
Alice
Alice
Draw
Draw
Draw
