925879409
905921009
665544804
665544719
783035803
349952762
349952758
349952757
349952757
349921178
212092637
710350150
378895603
129113201
129111892
129098081
129096772
110181652
