72 172
23 172
23 183
63 89
115 89
95 261
63 261
138 183
135 261
138 261
