22
249561150
110916092
873463862
279508479
360477194
529680742
