3316905982
2811735560
5542639502
4275864946
4457360498
