41311
12773
29181
23742
64470
23551
54686
0
23742
