20 20 41 20 21 20 28 28 43 44 36 63 40 46 34 40 59 28 53 53 66 42 62 63
