Takahashi
Takahashi
Aoki
Takahashi
Takahashi
Aoki
Aoki
Aoki
Aoki
Takahashi
