16
-1594323 9 -177147 -531441 1162261467 -4782969 387420489 -6561 -2187 2541865828329 -27 7625597484987 3486784401 10460353203 -94143178827 31381059609 
