YES
1 -1
YES
1 1
YES
1 -1 1
NO
YES
1 1 1
YES
-1 1 -1 1 1
NO
