1
725995895
532396991
768345657
786495555
937744700
574746754
48399732
707846002
907494873
7
