542
467
467
619
344
541
338
619
452
721
592
729
542
592
970
619
592
747
914
914
914
914
338
983
914
