1
6
110
8052
9758476
421903645
377386885
881422708
120024839
351256142
