6.000000000000000
7.500000000000000
6.333333333333333
5.400000000000000
13.333333333333334
13.333333333333334
100.000000000000000
