33
36
32
33
39
36
36
36
31
34
39
36
36
36
34
36
36
36
36
35
36
36
30
37
36
39
36
32
36
36
36
36
35
36
36
36
35
36
36
33
36
32
36
36
36
36
31
36
31
36
36
26
35
36
36
36
36
38
36
36
39
36
38
36
36
35
36
36
34
38
38
36
32
36
36
36
36
36
33
36
39
36
36
38
35
38
36
32
36
38
34
36
