8
107543995
129376201
139205201
160626723
312334911
323172429
481902037
493346727
