505314898 24510700 872096939 107940764 808162829 831195162 314651262 535843032 665830283 627881537 696038713
