131557205 340211781 754428084 483092626 214955141 879575978 855361045
154851590 609864261 593925945 419466834 304837127 133113507 736477090
54632615 194927386 72101830 731318386 879946775 993433194 425542545
482048637 5880376 457649402 761233161 514923047 377996184 873772583
675269156 634883332 185904773 77524684 888694113 590920163 138406866
935188259 349594389 150776180 792068517 879123091 904461829 898840329
950638863 89008070 933320378 534103502 190891412 830891397 981135229
848888881 417544354 637718293 793237398 440680172 52239789 963945205
