199979924433184.6185690332654085919406689662097588033692665749880286304816044544568604697470207875080490757137201564
