720358
77158
540926
255168
969295
Unreachable
369586
466218
343148
541289
42739
165772
618082
16582
591828
