349065850398865915384738153697722542688574377708317
