0.000000000000
24.094842552111
54.735610317245
45.000000000000
