449209977
705980975
631316005
119321168
62397541
596241562
584585746
378338599
