340418986 783857865 191848859 783857865 340418986 635287738
