0
1
0
6
3
12
120
108
16
100000000
771532131
812345678
