8
602
81827
4054238
41331779
41331779
4054238
81827
602
8
