1
7 3
-1
3
481885160128643072 337769972052787200 49539595901075456 45035996273704960
