1
2 1 2
2000 2000 2000
2000 2000 2000
2000 2000 2000
