2
2 1 2
4 3 4
2000 2000 2000
2000 2000 2000
3 2 3
4 2 4
2000 2000 2000
2000 2000 2000
