-8970.87249328212 61817.21737274555
-75079.28924877638 -74637.35403870217
-61384.55754506934 -105449.9760881721
-10508.55928227892 98726.04733711783
-63915.43362406853 -87648.93490309674
-84883.41976667292 8062.914405771756
-43119.58914921946 33307.21406245974
-77451.63868397648 -121148.543178062
88022.56926540422 -62121.98851386775
-11146.07084342446 90471.08392051774
