3 2 1 2 4
4 2 2 2 2
3 1 2 3 3
1 1 2 3 4
1 1 2 3 5
