20
9 15 12 12 15 15 12 18
15 20 12 17 15 14 18 17
23 22 19 22 19 12 23 12
23 14 22 15 21 14 22 13
10 14 10 13 12 13 12 14
11 11 12 11 12 12 11 12
18 20 15 20 15 19 18 19
19 16 22 19 21 20 18 17
12 19 12 18 15 18 15 19
15 22 12 19 15 16 18 19
14 22 15 22 15 24 14 24
15 8 18 11 15 14 12 11
10 15 9 15 9 14 10 14
11 18 12 19 10 21 9 20
22 23 20 21 21 20 23 22
21 15 18 15 18 14 21 14
15 26 13 24 15 22 17 24
20 20 16 24 14 22 18 18
21 17 18 20 15 17 18 14
11 14 10 13 11 12 12 13
