9 4 3 1 11 12 13 15 17 7 2 5 6 8 18 19 20 16 14 10
