1479 1471 1546 1500 1518 1488 1551 1466 1502 1546
1414 1394 1447 1420 1462 1411 1461 1396 1443 1445
1388 1376 1443 1373 1416 1380 1462 1372 1421 1419
1345 1367 1413 1369 1404 1368 1406 1364 1402 1387
1416 1417 1485 1429 1460 1419 1472 1417 1469 1480
1410 1392 1443 1396 1466 1411 1486 1399 1416 1447
1397 1372 1429 1378 1415 1408 1431 1369 1428 1450
1419 1393 1472 1401 1478 1437 1484 1425 1439 1498
1366 1390 1438 1378 1414 1380 1475 1398 1438 1409
1425 1442 1492 1442 1467 1456 1506 1417 1452 1473
