34
22
710511052
136397548
763027402
644706946
447672250
