31 998244259 998244344
100 998244306 55
61 998244298 16
