14
14
14
14
13
13
13
11
8
9
9
11
13
14
14
14
14
14
14
13
