5 10 6 2 8 1 3 7 9 4
5 10 6 2 8 1 3 9 7 4
5 10 6 8 2 1 3 7 9 4
5 10 6 8 2 1 3 9 7 4
5 10 6 8 1 2 3 7 9 4
5 10 6 8 1 2 3 9 7 4
10 5 6 2 8 1 3 7 9 4
10 5 6 2 8 1 3 9 7 4
10 5 6 8 2 1 3 7 9 4
10 5 6 8 2 1 3 9 7 4
