118.85878514480690171240 526.66743699786547949770
