2 5 6
5 1 7 2 4 3
5 4 3 5 2 1
0
4 4 2 7 5
4 6 3 1 8
