1104785754
2333303020
2889059001
143326906
1388313008
