821382814 987210378 819486592 142238362 447960587 678128197 687469071 405316549 318941070 457450677 426617745 712263899 939619994 228431878 307695685 196179692 241456697 12668393 685902422 330908158
