973186445
1911911518
2842686904
3679874527
4403933520
5125799158
5756526670
6376149728
6981973919
7253580890
7495545779
7554618966
7604240001
7639367940
7652179096
