0
524288
549755813888
549756338176
576460752303423488
576460752303947776
576461302059237376
576461302059761664
