8
3940649673945088 3940649673949184
3940649673949184 4503599627370496
4503599627370496 9007199254740992
9007199254740992 11258999068426240
11258999068426240 11540474045136896
11540474045136896 11549270138159104
11549270138159104 11549545016066048
11549545016066048 11549545024454656
